Archive member included because of file (symbol)

d:/imt embedded course aavr/imt tools/sdk/imt_sdk_win_64/winavr/bin/../lib/gcc/avr/4.3.3/avr5\libgcc.a(_udivmodhi4.o)
                              ./HAL/Stepper/Stepper_Program.o (__udivmodhi4)
d:/imt embedded course aavr/imt tools/sdk/imt_sdk_win_64/winavr/bin/../lib/gcc/avr/4.3.3/avr5\libgcc.a(_udivmodsi4.o)
                              ./MCAL/UART/UART_Program.o (__udivmodsi4)
d:/imt embedded course aavr/imt tools/sdk/imt_sdk_win_64/winavr/bin/../lib/gcc/avr/4.3.3/avr5\libgcc.a(_exit.o)
                              d:/imt embedded course aavr/imt tools/sdk/imt_sdk_win_64/winavr/bin/../lib/gcc/avr/4.3.3/../../../../avr/lib/avr5/crtm32.o (exit)
d:/imt embedded course aavr/imt tools/sdk/imt_sdk_win_64/winavr/bin/../lib/gcc/avr/4.3.3/avr5\libgcc.a(_copy_data.o)
                              ./MCAL/Timer1/TIMER1_Program.o (__do_copy_data)
d:/imt embedded course aavr/imt tools/sdk/imt_sdk_win_64/winavr/bin/../lib/gcc/avr/4.3.3/avr5\libgcc.a(_clear_bss.o)
                              ./MCAL/UART/UART_Program.o (__do_clear_bss)
d:/imt embedded course aavr/imt tools/sdk/imt_sdk_win_64/winavr/bin/../lib/gcc/avr/4.3.3/avr5\libgcc.a(_fixunssfsi.o)
                              ./HAL/Stepper/Stepper_Program.o (__fixunssfsi)
d:/imt embedded course aavr/imt tools/sdk/imt_sdk_win_64/winavr/bin/../lib/gcc/avr/4.3.3/avr5\libgcc.a(_addsub_sf.o)
                              ./HAL/Servo/Servo_Program.o (__subsf3)
d:/imt embedded course aavr/imt tools/sdk/imt_sdk_win_64/winavr/bin/../lib/gcc/avr/4.3.3/avr5\libgcc.a(_mul_sf.o)
                              ./HAL/Stepper/Stepper_Program.o (__mulsf3)
d:/imt embedded course aavr/imt tools/sdk/imt_sdk_win_64/winavr/bin/../lib/gcc/avr/4.3.3/avr5\libgcc.a(_div_sf.o)
                              ./HAL/Servo/Servo_Program.o (__divsf3)
d:/imt embedded course aavr/imt tools/sdk/imt_sdk_win_64/winavr/bin/../lib/gcc/avr/4.3.3/avr5\libgcc.a(_gt_sf.o)
                              ./HAL/Stepper/Stepper_Program.o (__gtsf2)
d:/imt embedded course aavr/imt tools/sdk/imt_sdk_win_64/winavr/bin/../lib/gcc/avr/4.3.3/avr5\libgcc.a(_ge_sf.o)
                              d:/imt embedded course aavr/imt tools/sdk/imt_sdk_win_64/winavr/bin/../lib/gcc/avr/4.3.3/avr5\libgcc.a(_fixunssfsi.o) (__gesf2)
d:/imt embedded course aavr/imt tools/sdk/imt_sdk_win_64/winavr/bin/../lib/gcc/avr/4.3.3/avr5\libgcc.a(_lt_sf.o)
                              ./HAL/Stepper/Stepper_Program.o (__ltsf2)
d:/imt embedded course aavr/imt tools/sdk/imt_sdk_win_64/winavr/bin/../lib/gcc/avr/4.3.3/avr5\libgcc.a(_sf_to_si.o)
                              d:/imt embedded course aavr/imt tools/sdk/imt_sdk_win_64/winavr/bin/../lib/gcc/avr/4.3.3/avr5\libgcc.a(_fixunssfsi.o) (__fixsfsi)
d:/imt embedded course aavr/imt tools/sdk/imt_sdk_win_64/winavr/bin/../lib/gcc/avr/4.3.3/avr5\libgcc.a(_thenan_sf.o)
                              d:/imt embedded course aavr/imt tools/sdk/imt_sdk_win_64/winavr/bin/../lib/gcc/avr/4.3.3/avr5\libgcc.a(_addsub_sf.o) (__thenan_sf)
d:/imt embedded course aavr/imt tools/sdk/imt_sdk_win_64/winavr/bin/../lib/gcc/avr/4.3.3/avr5\libgcc.a(_usi_to_sf.o)
                              ./HAL/Servo/Servo_Program.o (__floatunsisf)
d:/imt embedded course aavr/imt tools/sdk/imt_sdk_win_64/winavr/bin/../lib/gcc/avr/4.3.3/avr5\libgcc.a(_prologue.o)
                              d:/imt embedded course aavr/imt tools/sdk/imt_sdk_win_64/winavr/bin/../lib/gcc/avr/4.3.3/avr5\libgcc.a(_addsub_sf.o) (__prologue_saves__)
d:/imt embedded course aavr/imt tools/sdk/imt_sdk_win_64/winavr/bin/../lib/gcc/avr/4.3.3/avr5\libgcc.a(_epilogue.o)
                              d:/imt embedded course aavr/imt tools/sdk/imt_sdk_win_64/winavr/bin/../lib/gcc/avr/4.3.3/avr5\libgcc.a(_addsub_sf.o) (__epilogue_restores__)
d:/imt embedded course aavr/imt tools/sdk/imt_sdk_win_64/winavr/bin/../lib/gcc/avr/4.3.3/avr5\libgcc.a(_clzsi2.o)
                              d:/imt embedded course aavr/imt tools/sdk/imt_sdk_win_64/winavr/bin/../lib/gcc/avr/4.3.3/avr5\libgcc.a(_usi_to_sf.o) (__clzsi2)
d:/imt embedded course aavr/imt tools/sdk/imt_sdk_win_64/winavr/bin/../lib/gcc/avr/4.3.3/avr5\libgcc.a(_pack_sf.o)
                              d:/imt embedded course aavr/imt tools/sdk/imt_sdk_win_64/winavr/bin/../lib/gcc/avr/4.3.3/avr5\libgcc.a(_addsub_sf.o) (__pack_f)
d:/imt embedded course aavr/imt tools/sdk/imt_sdk_win_64/winavr/bin/../lib/gcc/avr/4.3.3/avr5\libgcc.a(_unpack_sf.o)
                              d:/imt embedded course aavr/imt tools/sdk/imt_sdk_win_64/winavr/bin/../lib/gcc/avr/4.3.3/avr5\libgcc.a(_addsub_sf.o) (__unpack_f)
d:/imt embedded course aavr/imt tools/sdk/imt_sdk_win_64/winavr/bin/../lib/gcc/avr/4.3.3/avr5\libgcc.a(_fpcmp_parts_sf.o)
                              d:/imt embedded course aavr/imt tools/sdk/imt_sdk_win_64/winavr/bin/../lib/gcc/avr/4.3.3/avr5\libgcc.a(_gt_sf.o) (__fpcmp_parts_f)
d:/imt embedded course aavr/imt tools/sdk/imt_sdk_win_64/winavr/bin/../lib/gcc/avr/4.3.3/avr5\libgcc.a(_clz.o)
                              d:/imt embedded course aavr/imt tools/sdk/imt_sdk_win_64/winavr/bin/../lib/gcc/avr/4.3.3/avr5\libgcc.a(_clzsi2.o) (__clz_tab)

Allocating common symbols
Common symbol       size              file

Dummy_RecieveData   0x1               ./MCAL/UART/UART_Program.o

Memory Configuration

Name             Origin             Length             Attributes
text             0x00000000         0x00020000         xr
data             0x00800060         0x0000ffa0         rw !x
eeprom           0x00810000         0x00010000         rw !x
fuse             0x00820000         0x00000400         rw !x
lock             0x00830000         0x00000400         rw !x
signature        0x00840000         0x00000400         rw !x
*default*        0x00000000         0xffffffff

Linker script and memory map

LOAD d:/imt embedded course aavr/imt tools/sdk/imt_sdk_win_64/winavr/bin/../lib/gcc/avr/4.3.3/../../../../avr/lib/avr5/crtm32.o
LOAD ./MCAL/WDT/WDT_Program.o
LOAD ./MCAL/UART/UART_Program.o
LOAD ./MCAL/Timer1/TIMER1_Program.o
LOAD ./MCAL/TWI/TWI_program.o
LOAD ./MCAL/TIMERS/TIMERS_Program.o
LOAD ./MCAL/SPI/SPI_Program.o
LOAD ./MCAL/GIE/GIE_Program.o
LOAD ./MCAL/E_Interrupt/E_Interrupt_Program.o
LOAD ./MCAL/DIO/DIO_Program.o
LOAD ./MCAL/ADC/ADC_Program.o
LOAD ./HAL/Stepper/Stepper_Program.o
LOAD ./HAL/Servo/Servo_Program.o
LOAD ./HAL/SSD/SSD_Program.o
LOAD ./HAL/LED/LED_Program.o
LOAD ./HAL/KPAD/KPAD_Program.o
LOAD ./HAL/EEPROM/EEPROM_program.o
LOAD ./HAL/CLCD/CLCD_Program.o
LOAD ./main.o
LOAD d:/imt embedded course aavr/imt tools/sdk/imt_sdk_win_64/winavr/bin/../lib/gcc/avr/4.3.3/avr5\libgcc.a
LOAD d:/imt embedded course aavr/imt tools/sdk/imt_sdk_win_64/winavr/bin/../lib/gcc/avr/4.3.3/../../../../avr/lib/avr5\libc.a
LOAD d:/imt embedded course aavr/imt tools/sdk/imt_sdk_win_64/winavr/bin/../lib/gcc/avr/4.3.3/avr5\libgcc.a

.hash
 *(.hash)

.dynsym
 *(.dynsym)

.dynstr
 *(.dynstr)

.gnu.version
 *(.gnu.version)

.gnu.version_d
 *(.gnu.version_d)

.gnu.version_r
 *(.gnu.version_r)

.rel.init
 *(.rel.init)

.rela.init
 *(.rela.init)

.rel.text
 *(.rel.text)
 *(.rel.text.*)
 *(.rel.gnu.linkonce.t*)

.rela.text
 *(.rela.text)
 *(.rela.text.*)
 *(.rela.gnu.linkonce.t*)

.rel.fini
 *(.rel.fini)

.rela.fini
 *(.rela.fini)

.rel.rodata
 *(.rel.rodata)
 *(.rel.rodata.*)
 *(.rel.gnu.linkonce.r*)

.rela.rodata
 *(.rela.rodata)
 *(.rela.rodata.*)
 *(.rela.gnu.linkonce.r*)

.rel.data
 *(.rel.data)
 *(.rel.data.*)
 *(.rel.gnu.linkonce.d*)

.rela.data
 *(.rela.data)
 *(.rela.data.*)
 *(.rela.gnu.linkonce.d*)

.rel.ctors
 *(.rel.ctors)

.rela.ctors
 *(.rela.ctors)

.rel.dtors
 *(.rel.dtors)

.rela.dtors
 *(.rela.dtors)

.rel.got
 *(.rel.got)

.rela.got
 *(.rela.got)

.rel.bss
 *(.rel.bss)

.rela.bss
 *(.rela.bss)

.rel.plt
 *(.rel.plt)

.rela.plt
 *(.rela.plt)

.text           0x00000000     0x6718
 *(.vectors)
 .vectors       0x00000000       0x54 d:/imt embedded course aavr/imt tools/sdk/imt_sdk_win_64/winavr/bin/../lib/gcc/avr/4.3.3/../../../../avr/lib/avr5/crtm32.o
                0x00000000                __vectors
                0x00000000                __vector_default
 *(.vectors)
 *(.progmem.gcc*)
 *(.progmem*)
                0x00000054                . = ALIGN (0x2)
                0x00000054                __trampolines_start = .
 *(.trampolines)
 .trampolines   0x00000054        0x0 linker stubs
 *(.trampolines*)
                0x00000054                __trampolines_end = .
 *(.jumptables)
 *(.jumptables*)
 *(.lowtext)
 *(.lowtext*)
                0x00000054                __ctors_start = .
 *(.ctors)
                0x00000054                __ctors_end = .
                0x00000054                __dtors_start = .
 *(.dtors)
                0x00000054                __dtors_end = .
 SORT(*)(.ctors)
 SORT(*)(.dtors)
 *(.init0)
 .init0         0x00000054        0x0 d:/imt embedded course aavr/imt tools/sdk/imt_sdk_win_64/winavr/bin/../lib/gcc/avr/4.3.3/../../../../avr/lib/avr5/crtm32.o
                0x00000054                __init
 *(.init0)
 *(.init1)
 *(.init1)
 *(.init2)
 .init2         0x00000054        0xc d:/imt embedded course aavr/imt tools/sdk/imt_sdk_win_64/winavr/bin/../lib/gcc/avr/4.3.3/../../../../avr/lib/avr5/crtm32.o
 *(.init2)
 *(.init3)
 *(.init3)
 *(.init4)
 .init4         0x00000060       0x16 d:/imt embedded course aavr/imt tools/sdk/imt_sdk_win_64/winavr/bin/../lib/gcc/avr/4.3.3/avr5\libgcc.a(_copy_data.o)
                0x00000060                __do_copy_data
 .init4         0x00000076       0x10 d:/imt embedded course aavr/imt tools/sdk/imt_sdk_win_64/winavr/bin/../lib/gcc/avr/4.3.3/avr5\libgcc.a(_clear_bss.o)
                0x00000076                __do_clear_bss
 *(.init4)
 *(.init5)
 *(.init5)
 *(.init6)
 *(.init6)
 *(.init7)
 *(.init7)
 *(.init8)
 *(.init8)
 *(.init9)
 .init9         0x00000086        0x8 d:/imt embedded course aavr/imt tools/sdk/imt_sdk_win_64/winavr/bin/../lib/gcc/avr/4.3.3/../../../../avr/lib/avr5/crtm32.o
 *(.init9)
 *(.text)
 .text          0x0000008e        0x4 d:/imt embedded course aavr/imt tools/sdk/imt_sdk_win_64/winavr/bin/../lib/gcc/avr/4.3.3/../../../../avr/lib/avr5/crtm32.o
                0x0000008e                __vector_12
                0x0000008e                __bad_interrupt
                0x0000008e                __vector_6
                0x0000008e                __vector_17
                0x0000008e                __vector_19
                0x0000008e                __vector_5
                0x0000008e                __vector_4
                0x0000008e                __vector_9
                0x0000008e                __vector_15
                0x0000008e                __vector_8
                0x0000008e                __vector_16
                0x0000008e                __vector_18
                0x0000008e                __vector_20
 .text          0x00000092        0x0 ./MCAL/WDT/WDT_Program.o
 .text          0x00000092        0x0 ./MCAL/UART/UART_Program.o
 .text          0x00000092        0x0 ./MCAL/Timer1/TIMER1_Program.o
 .text          0x00000092        0x0 ./MCAL/TWI/TWI_program.o
 .text          0x00000092        0x0 ./MCAL/TIMERS/TIMERS_Program.o
 .text          0x00000092        0x0 ./MCAL/SPI/SPI_Program.o
 .text          0x00000092        0x0 ./MCAL/GIE/GIE_Program.o
 .text          0x00000092        0x0 ./MCAL/E_Interrupt/E_Interrupt_Program.o
 .text          0x00000092        0x0 ./MCAL/DIO/DIO_Program.o
 .text          0x00000092        0x0 ./MCAL/ADC/ADC_Program.o
 .text          0x00000092        0x0 ./HAL/Stepper/Stepper_Program.o
 .text          0x00000092        0x0 ./HAL/Servo/Servo_Program.o
 .text          0x00000092        0x0 ./HAL/SSD/SSD_Program.o
 .text          0x00000092        0x0 ./HAL/LED/LED_Program.o
 .text          0x00000092        0x0 ./HAL/KPAD/KPAD_Program.o
 .text          0x00000092        0x0 ./HAL/EEPROM/EEPROM_program.o
 .text          0x00000092        0x0 ./HAL/CLCD/CLCD_Program.o
 .text          0x00000092        0x0 ./main.o
 .text          0x00000092        0x0 d:/imt embedded course aavr/imt tools/sdk/imt_sdk_win_64/winavr/bin/../lib/gcc/avr/4.3.3/avr5\libgcc.a(_udivmodhi4.o)
 .text          0x00000092        0x0 d:/imt embedded course aavr/imt tools/sdk/imt_sdk_win_64/winavr/bin/../lib/gcc/avr/4.3.3/avr5\libgcc.a(_udivmodsi4.o)
 .text          0x00000092        0x0 d:/imt embedded course aavr/imt tools/sdk/imt_sdk_win_64/winavr/bin/../lib/gcc/avr/4.3.3/avr5\libgcc.a(_exit.o)
 .text          0x00000092        0x0 d:/imt embedded course aavr/imt tools/sdk/imt_sdk_win_64/winavr/bin/../lib/gcc/avr/4.3.3/avr5\libgcc.a(_copy_data.o)
 .text          0x00000092        0x0 d:/imt embedded course aavr/imt tools/sdk/imt_sdk_win_64/winavr/bin/../lib/gcc/avr/4.3.3/avr5\libgcc.a(_clear_bss.o)
 .text          0x00000092       0x58 d:/imt embedded course aavr/imt tools/sdk/imt_sdk_win_64/winavr/bin/../lib/gcc/avr/4.3.3/avr5\libgcc.a(_fixunssfsi.o)
                0x00000092                __fixunssfsi
 .text          0x000000ea      0x354 d:/imt embedded course aavr/imt tools/sdk/imt_sdk_win_64/winavr/bin/../lib/gcc/avr/4.3.3/avr5\libgcc.a(_addsub_sf.o)
                0x00000382                __subsf3
                0x000003e4                __addsf3
 .text          0x0000043e      0x1f4 d:/imt embedded course aavr/imt tools/sdk/imt_sdk_win_64/winavr/bin/../lib/gcc/avr/4.3.3/avr5\libgcc.a(_mul_sf.o)
                0x0000043e                __mulsf3
 .text          0x00000632      0x158 d:/imt embedded course aavr/imt tools/sdk/imt_sdk_win_64/winavr/bin/../lib/gcc/avr/4.3.3/avr5\libgcc.a(_div_sf.o)
                0x00000632                __divsf3
 .text          0x0000078a       0x60 d:/imt embedded course aavr/imt tools/sdk/imt_sdk_win_64/winavr/bin/../lib/gcc/avr/4.3.3/avr5\libgcc.a(_gt_sf.o)
                0x0000078a                __gtsf2
 .text          0x000007ea       0x60 d:/imt embedded course aavr/imt tools/sdk/imt_sdk_win_64/winavr/bin/../lib/gcc/avr/4.3.3/avr5\libgcc.a(_ge_sf.o)
                0x000007ea                __gesf2
 .text          0x0000084a       0x60 d:/imt embedded course aavr/imt tools/sdk/imt_sdk_win_64/winavr/bin/../lib/gcc/avr/4.3.3/avr5\libgcc.a(_lt_sf.o)
                0x0000084a                __ltsf2
 .text          0x000008aa       0xa8 d:/imt embedded course aavr/imt tools/sdk/imt_sdk_win_64/winavr/bin/../lib/gcc/avr/4.3.3/avr5\libgcc.a(_sf_to_si.o)
                0x000008aa                __fixsfsi
 .text          0x00000952        0x0 d:/imt embedded course aavr/imt tools/sdk/imt_sdk_win_64/winavr/bin/../lib/gcc/avr/4.3.3/avr5\libgcc.a(_thenan_sf.o)
 .text          0x00000952       0xf2 d:/imt embedded course aavr/imt tools/sdk/imt_sdk_win_64/winavr/bin/../lib/gcc/avr/4.3.3/avr5\libgcc.a(_usi_to_sf.o)
                0x00000952                __floatunsisf
 .text          0x00000a44        0x0 d:/imt embedded course aavr/imt tools/sdk/imt_sdk_win_64/winavr/bin/../lib/gcc/avr/4.3.3/avr5\libgcc.a(_prologue.o)
 .text          0x00000a44        0x0 d:/imt embedded course aavr/imt tools/sdk/imt_sdk_win_64/winavr/bin/../lib/gcc/avr/4.3.3/avr5\libgcc.a(_epilogue.o)
 .text          0x00000a44       0x9e d:/imt embedded course aavr/imt tools/sdk/imt_sdk_win_64/winavr/bin/../lib/gcc/avr/4.3.3/avr5\libgcc.a(_clzsi2.o)
                0x00000a44                __clzsi2
 .text          0x00000ae2      0x1aa d:/imt embedded course aavr/imt tools/sdk/imt_sdk_win_64/winavr/bin/../lib/gcc/avr/4.3.3/avr5\libgcc.a(_pack_sf.o)
                0x00000ae2                __pack_f
 .text          0x00000c8c       0xf0 d:/imt embedded course aavr/imt tools/sdk/imt_sdk_win_64/winavr/bin/../lib/gcc/avr/4.3.3/avr5\libgcc.a(_unpack_sf.o)
                0x00000c8c                __unpack_f
 .text          0x00000d7c       0xb2 d:/imt embedded course aavr/imt tools/sdk/imt_sdk_win_64/winavr/bin/../lib/gcc/avr/4.3.3/avr5\libgcc.a(_fpcmp_parts_sf.o)
                0x00000d7c                __fpcmp_parts_f
 .text          0x00000e2e        0x0 d:/imt embedded course aavr/imt tools/sdk/imt_sdk_win_64/winavr/bin/../lib/gcc/avr/4.3.3/avr5\libgcc.a(_clz.o)
                0x00000e2e                . = ALIGN (0x2)
 *(.text.*)
 .text.WDT_voidEnable
                0x00000e2e       0x40 ./MCAL/WDT/WDT_Program.o
                0x00000e2e                WDT_voidEnable
 .text.WDT_voidDisable
                0x00000e6e       0x16 ./MCAL/WDT/WDT_Program.o
                0x00000e6e                WDT_voidDisable
 .text.UART_voidInit
                0x00000e84      0x15e ./MCAL/UART/UART_Program.o
                0x00000e84                UART_voidInit
 .text.UART_voidSendDataSync
                0x00000fe2       0x34 ./MCAL/UART/UART_Program.o
                0x00000fe2                UART_voidSendDataSync
 .text.UART_u8ReciveDataSync
                0x00001016       0x1e ./MCAL/UART/UART_Program.o
                0x00001016                UART_u8ReciveDataSync
 .text.UART_voidSendStringSync
                0x00001034       0x52 ./MCAL/UART/UART_Program.o
                0x00001034                UART_voidSendStringSync
 .text.UART_voidreceiveStringSync
                0x00001086       0x5c ./MCAL/UART/UART_Program.o
                0x00001086                UART_voidreceiveStringSync
 .text.UART_voidSendDataASync
                0x000010e2       0x28 ./MCAL/UART/UART_Program.o
                0x000010e2                UART_voidSendDataASync
 .text.UART_u8ReciveDataASync
                0x0000110a       0x20 ./MCAL/UART/UART_Program.o
                0x0000110a                UART_u8ReciveDataASync
 .text.__vector_14
                0x0000112a       0x4c ./MCAL/UART/UART_Program.o
                0x0000112a                __vector_14
 .text.__vector_13
                0x00001176       0x36 ./MCAL/UART/UART_Program.o
                0x00001176                __vector_13
 .text.T1_voidInit
                0x000011ac      0x182 ./MCAL/Timer1/TIMER1_Program.o
                0x000011ac                T1_voidInit
 .text.T1_voidStartTimer
                0x0000132e      0x3b6 ./MCAL/Timer1/TIMER1_Program.o
                0x0000132e                T1_voidStartTimer
 .text.T1_voidSetCompareValueT1A
                0x000016e4       0x24 ./MCAL/Timer1/TIMER1_Program.o
                0x000016e4                T1_voidSetCompareValueT1A
 .text.T1_voidSetCompareValueT1B
                0x00001708       0x24 ./MCAL/Timer1/TIMER1_Program.o
                0x00001708                T1_voidSetCompareValueT1B
 .text.T1_voidSet_ICRValue
                0x0000172c       0x24 ./MCAL/Timer1/TIMER1_Program.o
                0x0000172c                T1_voidSet_ICRValue
 .text.T1_ReadTCNT1Value
                0x00001750       0x16 ./MCAL/Timer1/TIMER1_Program.o
                0x00001750                T1_ReadTCNT1Value
 .text.T1_WriteTCNT1A
                0x00001766       0x24 ./MCAL/Timer1/TIMER1_Program.o
                0x00001766                T1_WriteTCNT1A
 .text.T1_SetCallBack
                0x0000178a       0x2c ./MCAL/Timer1/TIMER1_Program.o
                0x0000178a                T1_SetCallBack
 .text.__vector_7
                0x000017b6       0x66 ./MCAL/Timer1/TIMER1_Program.o
                0x000017b6                __vector_7
 .text.TWI_voidMasterInit
                0x0000181c       0x64 ./MCAL/TWI/TWI_program.o
                0x0000181c                TWI_voidMasterInit
 .text.TWI_voidSlaveInit
                0x00001880       0x3a ./MCAL/TWI/TWI_program.o
                0x00001880                TWI_voidSlaveInit
 .text.TWI_ErrorStatusSendStartConditionWithACK
                0x000018ba       0x54 ./MCAL/TWI/TWI_program.o
                0x000018ba                TWI_ErrorStatusSendStartConditionWithACK
 .text.TWI_ErrorStatusSendRepeatedStartConditionWithACK
                0x0000190e       0x54 ./MCAL/TWI/TWI_program.o
                0x0000190e                TWI_ErrorStatusSendRepeatedStartConditionWithACK
 .text.TWI_ErrorStatusSendSlaveAddressWithWriteACK
                0x00001962       0x70 ./MCAL/TWI/TWI_program.o
                0x00001962                TWI_ErrorStatusSendSlaveAddressWithWriteACK
 .text.TWI_ErrorStatusSendSlaveAddressWithReadACK
                0x000019d2       0x70 ./MCAL/TWI/TWI_program.o
                0x000019d2                TWI_ErrorStatusSendSlaveAddressWithReadACK
 .text.TWI_ErrorStatusMasterWriteDataByteWithACK
                0x00001a42       0x52 ./MCAL/TWI/TWI_program.o
                0x00001a42                TWI_ErrorStatusMasterWriteDataByteWithACK
 .text.TWI_ErrorStatusMasterReadDataByteWithACK
                0x00001a94       0x5e ./MCAL/TWI/TWI_program.o
                0x00001a94                TWI_ErrorStatusMasterReadDataByteWithACK
 .text.TWI_voidStopCondition
                0x00001af2       0x2a ./MCAL/TWI/TWI_program.o
                0x00001af2                TWI_voidStopCondition
 .text.T0_voidInit
                0x00001b1c      0x236 ./MCAL/TIMERS/TIMERS_Program.o
                0x00001b1c                T0_voidInit
 .text.T0_voidStartTimer
                0x00001d52      0x102 ./MCAL/TIMERS/TIMERS_Program.o
                0x00001d52                T0_voidStartTimer
 .text.T0_SetCallBack
                0x00001e54       0x2c ./MCAL/TIMERS/TIMERS_Program.o
                0x00001e54                T0_SetCallBack
 .text.__vector_10
                0x00001e80       0x66 ./MCAL/TIMERS/TIMERS_Program.o
                0x00001e80                __vector_10
 .text.__vector_11
                0x00001ee6       0x66 ./MCAL/TIMERS/TIMERS_Program.o
                0x00001ee6                __vector_11
 .text.T0_ReadTCNT0Value
                0x00001f4c       0x14 ./MCAL/TIMERS/TIMERS_Program.o
                0x00001f4c                T0_ReadTCNT0Value
 .text.SPI_voidMasterInit
                0x00001f60       0xa0 ./MCAL/SPI/SPI_Program.o
                0x00001f60                SPI_voidMasterInit
 .text.SPI_voidMasterTransmit
                0x00002000       0x2c ./MCAL/SPI/SPI_Program.o
                0x00002000                SPI_voidMasterTransmit
 .text.SPI_voidSlaveInit
                0x0000202c       0x6a ./MCAL/SPI/SPI_Program.o
                0x0000202c                SPI_voidSlaveInit
 .text.SPI_voidSlaveRecive
                0x00002096       0x24 ./MCAL/SPI/SPI_Program.o
                0x00002096                SPI_voidSlaveRecive
 .text.GIE_voidEnable
                0x000020ba       0x1c ./MCAL/GIE/GIE_Program.o
                0x000020ba                GIE_voidEnable
 .text.GIE_voidDisable
                0x000020d6       0x1c ./MCAL/GIE/GIE_Program.o
                0x000020d6                GIE_voidDisable
 .text.E_Interrupt_voidInit
                0x000020f2      0x1fe ./MCAL/E_Interrupt/E_Interrupt_Program.o
                0x000020f2                E_Interrupt_voidInit
 .text.E_Interrupt_EnablePIE
                0x000022f0       0x6e ./MCAL/E_Interrupt/E_Interrupt_Program.o
                0x000022f0                E_Interrupt_EnablePIE
 .text.E_Interrupt_DisablePIE
                0x0000235e       0x6e ./MCAL/E_Interrupt/E_Interrupt_Program.o
                0x0000235e                E_Interrupt_DisablePIE
 .text.E_InterruptSetCallBack
                0x000023cc       0x8a ./MCAL/E_Interrupt/E_Interrupt_Program.o
                0x000023cc                E_InterruptSetCallBack
 .text.__vector_1
                0x00002456       0x66 ./MCAL/E_Interrupt/E_Interrupt_Program.o
                0x00002456                __vector_1
 .text.__vector_2
                0x000024bc       0x24 ./MCAL/E_Interrupt/E_Interrupt_Program.o
                0x000024bc                __vector_2
 .text.__vector_3
                0x000024e0       0x24 ./MCAL/E_Interrupt/E_Interrupt_Program.o
                0x000024e0                __vector_3
 .text.E_Interrupt_voidChangeSenseControl
                0x00002504      0x1fc ./MCAL/E_Interrupt/E_Interrupt_Program.o
                0x00002504                E_Interrupt_voidChangeSenseControl
 .text.DIO_voidSetPinDirection
                0x00002700      0x210 ./MCAL/DIO/DIO_Program.o
                0x00002700                DIO_voidSetPinDirection
 .text.DIO_voidSetPinValue
                0x00002910      0x210 ./MCAL/DIO/DIO_Program.o
                0x00002910                DIO_voidSetPinValue
 .text.DIO_u8GetPinValue
                0x00002b20       0xf6 ./MCAL/DIO/DIO_Program.o
                0x00002b20                DIO_u8GetPinValue
 .text.DIO_voidSetPortDirection
                0x00002c16      0x10a ./MCAL/DIO/DIO_Program.o
                0x00002c16                DIO_voidSetPortDirection
 .text.DIO_voidSetPortValue
                0x00002d20       0x82 ./MCAL/DIO/DIO_Program.o
                0x00002d20                DIO_voidSetPortValue
 .text.DIO_u8GetPortValue
                0x00002da2       0x86 ./MCAL/DIO/DIO_Program.o
                0x00002da2                DIO_u8GetPortValue
 .text.ADC_voidInit
                0x00002e28      0x15a ./MCAL/ADC/ADC_Program.o
                0x00002e28                ADC_voidInit
 .text.ADC_voidStartConversion
                0x00002f82      0x1f8 ./MCAL/ADC/ADC_Program.o
                0x00002f82                ADC_voidStartConversion
 .text.ADC_voidRead
                0x0000317a       0x98 ./MCAL/ADC/ADC_Program.o
                0x0000317a                ADC_voidRead
 .text.Stepper_voidInit
                0x00003212       0x5e ./HAL/Stepper/Stepper_Program.o
                0x00003212                Stepper_voidInit
 .text.Stepper_voidON
                0x00003270      0x15c ./HAL/Stepper/Stepper_Program.o
                0x00003270                Stepper_voidON
 .text.Stepper_ClockWise_FullStep
                0x000033cc      0x456 ./HAL/Stepper/Stepper_Program.o
                0x000033cc                Stepper_ClockWise_FullStep
 .text.Stepper_CounterClockWise_FullStep
                0x00003822      0x456 ./HAL/Stepper/Stepper_Program.o
                0x00003822                Stepper_CounterClockWise_FullStep
 .text.Stepper_ClockWise_HalfStep
                0x00003c78      0xa3e ./HAL/Stepper/Stepper_Program.o
                0x00003c78                Stepper_ClockWise_HalfStep
 .text.Stepper_CounterClockWise_HalfStep
                0x000046b6      0xa3e ./HAL/Stepper/Stepper_Program.o
                0x000046b6                Stepper_CounterClockWise_HalfStep
 .text.Servo_voidInit
                0x000050f4       0x2a ./HAL/Servo/Servo_Program.o
                0x000050f4                Servo_voidInit
 .text.Servo_voidSetAngle
                0x0000511e       0x94 ./HAL/Servo/Servo_Program.o
                0x0000511e                Servo_voidSetAngle
 .text.Servo_voidPot
                0x000051b2       0x70 ./HAL/Servo/Servo_Program.o
                0x000051b2                Servo_voidPot
 .text.SSD_voidInit
                0x00005222       0x64 ./HAL/SSD/SSD_Program.o
                0x00005222                SSD_voidInit
 .text.SSD_Display
                0x00005286       0x82 ./HAL/SSD/SSD_Program.o
                0x00005286                SSD_Display
 .text.SSD_Disable
                0x00005308       0x58 ./HAL/SSD/SSD_Program.o
                0x00005308                SSD_Disable
 .text.LED_voidInit
                0x00005360       0x7c ./HAL/LED/LED_Program.o
                0x00005360                LED_voidInit
 .text.LED_ON   0x000053dc       0x68 ./HAL/LED/LED_Program.o
                0x000053dc                LED_ON
 .text.LED_OFF  0x00005444       0x68 ./HAL/LED/LED_Program.o
                0x00005444                LED_OFF
 .text.KPAD_voidInit
                0x000054ac       0x66 ./HAL/KPAD/KPAD_Program.o
                0x000054ac                KPAD_voidInit
 .text.KPAD_u8GetKeyPressed
                0x00005512      0x272 ./HAL/KPAD/KPAD_Program.o
                0x00005512                KPAD_u8GetKeyPressed
 .text.EEPROM_voidSendDataByte
                0x00005784      0x132 ./HAL/EEPROM/EEPROM_program.o
                0x00005784                EEPROM_voidSendDataByte
 .text.EEPROM_voidReadDataByte
                0x000058b6       0x44 ./HAL/EEPROM/EEPROM_program.o
                0x000058b6                EEPROM_voidReadDataByte
 .text.CLCD_voidInit
                0x000058fa      0x5ac ./HAL/CLCD/CLCD_Program.o
                0x000058fa                CLCD_voidInit
 .text.CLCD_voidSendCommand
                0x00005ea6      0x2b8 ./HAL/CLCD/CLCD_Program.o
                0x00005ea6                CLCD_voidSendCommand
 .text.CLCD_voidSendData
                0x0000615e      0x2b8 ./HAL/CLCD/CLCD_Program.o
                0x0000615e                CLCD_voidSendData
 .text.CLCD_voidGOTO
                0x00006416       0x50 ./HAL/CLCD/CLCD_Program.o
                0x00006416                CLCD_voidGOTO
 .text.CLCD_CLEAR
                0x00006466       0x14 ./HAL/CLCD/CLCD_Program.o
                0x00006466                CLCD_CLEAR
 .text.CLCD_voidCreateExtraChar
                0x0000647a       0x68 ./HAL/CLCD/CLCD_Program.o
                0x0000647a                CLCD_voidCreateExtraChar
 .text.CLCD_voidSendString
                0x000064e2       0x52 ./HAL/CLCD/CLCD_Program.o
                0x000064e2                CLCD_voidSendString
 .text.CLCD_voidSendNumber
                0x00006534       0xa6 ./HAL/CLCD/CLCD_Program.o
                0x00006534                CLCD_voidSendNumber
 .text.main     0x000065da       0x60 ./main.o
                0x000065da                main
 .text.libgcc   0x0000663a       0x28 d:/imt embedded course aavr/imt tools/sdk/imt_sdk_win_64/winavr/bin/../lib/gcc/avr/4.3.3/avr5\libgcc.a(_udivmodhi4.o)
                0x0000663a                __udivmodhi4
 .text.libgcc   0x00006662       0x44 d:/imt embedded course aavr/imt tools/sdk/imt_sdk_win_64/winavr/bin/../lib/gcc/avr/4.3.3/avr5\libgcc.a(_udivmodsi4.o)
                0x00006662                __udivmodsi4
 .text.libgcc   0x000066a6        0x0 d:/imt embedded course aavr/imt tools/sdk/imt_sdk_win_64/winavr/bin/../lib/gcc/avr/4.3.3/avr5\libgcc.a(_exit.o)
 .text.libgcc   0x000066a6        0x0 d:/imt embedded course aavr/imt tools/sdk/imt_sdk_win_64/winavr/bin/../lib/gcc/avr/4.3.3/avr5\libgcc.a(_copy_data.o)
 .text.libgcc   0x000066a6        0x0 d:/imt embedded course aavr/imt tools/sdk/imt_sdk_win_64/winavr/bin/../lib/gcc/avr/4.3.3/avr5\libgcc.a(_clear_bss.o)
 .text.libgcc   0x000066a6       0x38 d:/imt embedded course aavr/imt tools/sdk/imt_sdk_win_64/winavr/bin/../lib/gcc/avr/4.3.3/avr5\libgcc.a(_prologue.o)
                0x000066a6                __prologue_saves__
 .text.libgcc   0x000066de       0x36 d:/imt embedded course aavr/imt tools/sdk/imt_sdk_win_64/winavr/bin/../lib/gcc/avr/4.3.3/avr5\libgcc.a(_epilogue.o)
                0x000066de                __epilogue_restores__
                0x00006714                . = ALIGN (0x2)
 *(.fini9)
 .fini9         0x00006714        0x0 d:/imt embedded course aavr/imt tools/sdk/imt_sdk_win_64/winavr/bin/../lib/gcc/avr/4.3.3/avr5\libgcc.a(_exit.o)
                0x00006714                exit
                0x00006714                _exit
 *(.fini9)
 *(.fini8)
 *(.fini8)
 *(.fini7)
 *(.fini7)
 *(.fini6)
 *(.fini6)
 *(.fini5)
 *(.fini5)
 *(.fini4)
 *(.fini4)
 *(.fini3)
 *(.fini3)
 *(.fini2)
 *(.fini2)
 *(.fini1)
 *(.fini1)
 *(.fini0)
 .fini0         0x00006714        0x4 d:/imt embedded course aavr/imt tools/sdk/imt_sdk_win_64/winavr/bin/../lib/gcc/avr/4.3.3/avr5\libgcc.a(_exit.o)
 *(.fini0)
                0x00006718                _etext = .

.data           0x00800060      0x13a load address 0x00006718
                0x00800060                PROVIDE (__data_start, .)
 *(.data)
 .data          0x00800060        0x0 d:/imt embedded course aavr/imt tools/sdk/imt_sdk_win_64/winavr/bin/../lib/gcc/avr/4.3.3/../../../../avr/lib/avr5/crtm32.o
 .data          0x00800060        0x0 ./MCAL/WDT/WDT_Program.o
 .data          0x00800060        0x0 ./MCAL/UART/UART_Program.o
 .data          0x00800060        0x9 ./MCAL/Timer1/TIMER1_Program.o
 .data          0x00800069        0x0 ./MCAL/TWI/TWI_program.o
 .data          0x00800069        0x0 ./MCAL/TIMERS/TIMERS_Program.o
 .data          0x00800069        0x0 ./MCAL/SPI/SPI_Program.o
 .data          0x00800069        0x0 ./MCAL/GIE/GIE_Program.o
 .data          0x00800069        0x0 ./MCAL/E_Interrupt/E_Interrupt_Program.o
 .data          0x00800069        0x0 ./MCAL/DIO/DIO_Program.o
 .data          0x00800069        0x0 ./MCAL/ADC/ADC_Program.o
 .data          0x00800069        0x0 ./HAL/Stepper/Stepper_Program.o
 .data          0x00800069        0x0 ./HAL/Servo/Servo_Program.o
 .data          0x00800069        0x0 ./HAL/SSD/SSD_Program.o
 .data          0x00800069        0x0 ./HAL/LED/LED_Program.o
 .data          0x00800069        0x0 ./HAL/KPAD/KPAD_Program.o
 .data          0x00800069        0x0 ./HAL/EEPROM/EEPROM_program.o
 .data          0x00800069        0x0 ./HAL/CLCD/CLCD_Program.o
 .data          0x00800069        0x0 ./main.o
 .data          0x00800069        0x0 d:/imt embedded course aavr/imt tools/sdk/imt_sdk_win_64/winavr/bin/../lib/gcc/avr/4.3.3/avr5\libgcc.a(_udivmodhi4.o)
 .data          0x00800069        0x0 d:/imt embedded course aavr/imt tools/sdk/imt_sdk_win_64/winavr/bin/../lib/gcc/avr/4.3.3/avr5\libgcc.a(_udivmodsi4.o)
 .data          0x00800069        0x0 d:/imt embedded course aavr/imt tools/sdk/imt_sdk_win_64/winavr/bin/../lib/gcc/avr/4.3.3/avr5\libgcc.a(_exit.o)
 .data          0x00800069        0x0 d:/imt embedded course aavr/imt tools/sdk/imt_sdk_win_64/winavr/bin/../lib/gcc/avr/4.3.3/avr5\libgcc.a(_copy_data.o)
 .data          0x00800069        0x0 d:/imt embedded course aavr/imt tools/sdk/imt_sdk_win_64/winavr/bin/../lib/gcc/avr/4.3.3/avr5\libgcc.a(_clear_bss.o)
 .data          0x00800069        0x0 d:/imt embedded course aavr/imt tools/sdk/imt_sdk_win_64/winavr/bin/../lib/gcc/avr/4.3.3/avr5\libgcc.a(_fixunssfsi.o)
 .data          0x00800069        0x0 d:/imt embedded course aavr/imt tools/sdk/imt_sdk_win_64/winavr/bin/../lib/gcc/avr/4.3.3/avr5\libgcc.a(_addsub_sf.o)
 .data          0x00800069        0x0 d:/imt embedded course aavr/imt tools/sdk/imt_sdk_win_64/winavr/bin/../lib/gcc/avr/4.3.3/avr5\libgcc.a(_mul_sf.o)
 .data          0x00800069        0x0 d:/imt embedded course aavr/imt tools/sdk/imt_sdk_win_64/winavr/bin/../lib/gcc/avr/4.3.3/avr5\libgcc.a(_div_sf.o)
 .data          0x00800069        0x0 d:/imt embedded course aavr/imt tools/sdk/imt_sdk_win_64/winavr/bin/../lib/gcc/avr/4.3.3/avr5\libgcc.a(_gt_sf.o)
 .data          0x00800069        0x0 d:/imt embedded course aavr/imt tools/sdk/imt_sdk_win_64/winavr/bin/../lib/gcc/avr/4.3.3/avr5\libgcc.a(_ge_sf.o)
 .data          0x00800069        0x0 d:/imt embedded course aavr/imt tools/sdk/imt_sdk_win_64/winavr/bin/../lib/gcc/avr/4.3.3/avr5\libgcc.a(_lt_sf.o)
 .data          0x00800069        0x0 d:/imt embedded course aavr/imt tools/sdk/imt_sdk_win_64/winavr/bin/../lib/gcc/avr/4.3.3/avr5\libgcc.a(_sf_to_si.o)
 .data          0x00800069        0x8 d:/imt embedded course aavr/imt tools/sdk/imt_sdk_win_64/winavr/bin/../lib/gcc/avr/4.3.3/avr5\libgcc.a(_thenan_sf.o)
                0x00800069                __thenan_sf
 .data          0x00800071        0x0 d:/imt embedded course aavr/imt tools/sdk/imt_sdk_win_64/winavr/bin/../lib/gcc/avr/4.3.3/avr5\libgcc.a(_usi_to_sf.o)
 .data          0x00800071        0x0 d:/imt embedded course aavr/imt tools/sdk/imt_sdk_win_64/winavr/bin/../lib/gcc/avr/4.3.3/avr5\libgcc.a(_prologue.o)
 .data          0x00800071        0x0 d:/imt embedded course aavr/imt tools/sdk/imt_sdk_win_64/winavr/bin/../lib/gcc/avr/4.3.3/avr5\libgcc.a(_epilogue.o)
 .data          0x00800071        0x0 d:/imt embedded course aavr/imt tools/sdk/imt_sdk_win_64/winavr/bin/../lib/gcc/avr/4.3.3/avr5\libgcc.a(_clzsi2.o)
 .data          0x00800071        0x0 d:/imt embedded course aavr/imt tools/sdk/imt_sdk_win_64/winavr/bin/../lib/gcc/avr/4.3.3/avr5\libgcc.a(_pack_sf.o)
 .data          0x00800071        0x0 d:/imt embedded course aavr/imt tools/sdk/imt_sdk_win_64/winavr/bin/../lib/gcc/avr/4.3.3/avr5\libgcc.a(_unpack_sf.o)
 .data          0x00800071        0x0 d:/imt embedded course aavr/imt tools/sdk/imt_sdk_win_64/winavr/bin/../lib/gcc/avr/4.3.3/avr5\libgcc.a(_fpcmp_parts_sf.o)
 .data          0x00800071      0x100 d:/imt embedded course aavr/imt tools/sdk/imt_sdk_win_64/winavr/bin/../lib/gcc/avr/4.3.3/avr5\libgcc.a(_clz.o)
                0x00800071                __clz_tab
 *(.data*)
 .data.MyTimer  0x00800171        0xe ./HAL/Servo/Servo_Program.o
                0x00800171                MyTimer
 .data.KPAD_KEYS
                0x0080017f       0x10 ./HAL/KPAD/KPAD_Program.o
                0x0080017f                KPAD_KEYS
 *(.rodata)
 *(.rodata*)
 .rodata.arr    0x0080018f        0xa ./HAL/SSD/SSD_Program.o
 *(.gnu.linkonce.d*)
                0x0080019a                . = ALIGN (0x2)
 *fill*         0x00800199        0x1 00
                0x0080019a                _edata = .
                0x0080019a                PROVIDE (__data_end, .)

.bss            0x0080019a        0xc
                0x0080019a                PROVIDE (__bss_start, .)
 *(.bss)
 .bss           0x0080019a        0x0 d:/imt embedded course aavr/imt tools/sdk/imt_sdk_win_64/winavr/bin/../lib/gcc/avr/4.3.3/../../../../avr/lib/avr5/crtm32.o
 .bss           0x0080019a        0x0 ./MCAL/WDT/WDT_Program.o
 .bss           0x0080019a        0x0 ./MCAL/UART/UART_Program.o
 .bss           0x0080019a        0x0 ./MCAL/Timer1/TIMER1_Program.o
 .bss           0x0080019a        0x0 ./MCAL/TWI/TWI_program.o
 .bss           0x0080019a        0x0 ./MCAL/TIMERS/TIMERS_Program.o
 .bss           0x0080019a        0x0 ./MCAL/SPI/SPI_Program.o
 .bss           0x0080019a        0x0 ./MCAL/GIE/GIE_Program.o
 .bss           0x0080019a        0x0 ./MCAL/E_Interrupt/E_Interrupt_Program.o
 .bss           0x0080019a        0x0 ./MCAL/DIO/DIO_Program.o
 .bss           0x0080019a        0x0 ./MCAL/ADC/ADC_Program.o
 .bss           0x0080019a        0x0 ./HAL/Stepper/Stepper_Program.o
 .bss           0x0080019a        0x0 ./HAL/Servo/Servo_Program.o
 .bss           0x0080019a        0x0 ./HAL/SSD/SSD_Program.o
 .bss           0x0080019a        0x0 ./HAL/LED/LED_Program.o
 .bss           0x0080019a        0x0 ./HAL/KPAD/KPAD_Program.o
 .bss           0x0080019a        0x0 ./HAL/EEPROM/EEPROM_program.o
 .bss           0x0080019a        0x0 ./HAL/CLCD/CLCD_Program.o
 .bss           0x0080019a        0x0 ./main.o
 .bss           0x0080019a        0x0 d:/imt embedded course aavr/imt tools/sdk/imt_sdk_win_64/winavr/bin/../lib/gcc/avr/4.3.3/avr5\libgcc.a(_udivmodhi4.o)
 .bss           0x0080019a        0x0 d:/imt embedded course aavr/imt tools/sdk/imt_sdk_win_64/winavr/bin/../lib/gcc/avr/4.3.3/avr5\libgcc.a(_udivmodsi4.o)
 .bss           0x0080019a        0x0 d:/imt embedded course aavr/imt tools/sdk/imt_sdk_win_64/winavr/bin/../lib/gcc/avr/4.3.3/avr5\libgcc.a(_exit.o)
 .bss           0x0080019a        0x0 d:/imt embedded course aavr/imt tools/sdk/imt_sdk_win_64/winavr/bin/../lib/gcc/avr/4.3.3/avr5\libgcc.a(_copy_data.o)
 .bss           0x0080019a        0x0 d:/imt embedded course aavr/imt tools/sdk/imt_sdk_win_64/winavr/bin/../lib/gcc/avr/4.3.3/avr5\libgcc.a(_clear_bss.o)
 .bss           0x0080019a        0x0 d:/imt embedded course aavr/imt tools/sdk/imt_sdk_win_64/winavr/bin/../lib/gcc/avr/4.3.3/avr5\libgcc.a(_fixunssfsi.o)
 .bss           0x0080019a        0x0 d:/imt embedded course aavr/imt tools/sdk/imt_sdk_win_64/winavr/bin/../lib/gcc/avr/4.3.3/avr5\libgcc.a(_addsub_sf.o)
 .bss           0x0080019a        0x0 d:/imt embedded course aavr/imt tools/sdk/imt_sdk_win_64/winavr/bin/../lib/gcc/avr/4.3.3/avr5\libgcc.a(_mul_sf.o)
 .bss           0x0080019a        0x0 d:/imt embedded course aavr/imt tools/sdk/imt_sdk_win_64/winavr/bin/../lib/gcc/avr/4.3.3/avr5\libgcc.a(_div_sf.o)
 .bss           0x0080019a        0x0 d:/imt embedded course aavr/imt tools/sdk/imt_sdk_win_64/winavr/bin/../lib/gcc/avr/4.3.3/avr5\libgcc.a(_gt_sf.o)
 .bss           0x0080019a        0x0 d:/imt embedded course aavr/imt tools/sdk/imt_sdk_win_64/winavr/bin/../lib/gcc/avr/4.3.3/avr5\libgcc.a(_ge_sf.o)
 .bss           0x0080019a        0x0 d:/imt embedded course aavr/imt tools/sdk/imt_sdk_win_64/winavr/bin/../lib/gcc/avr/4.3.3/avr5\libgcc.a(_lt_sf.o)
 .bss           0x0080019a        0x0 d:/imt embedded course aavr/imt tools/sdk/imt_sdk_win_64/winavr/bin/../lib/gcc/avr/4.3.3/avr5\libgcc.a(_sf_to_si.o)
 .bss           0x0080019a        0x0 d:/imt embedded course aavr/imt tools/sdk/imt_sdk_win_64/winavr/bin/../lib/gcc/avr/4.3.3/avr5\libgcc.a(_thenan_sf.o)
 .bss           0x0080019a        0x0 d:/imt embedded course aavr/imt tools/sdk/imt_sdk_win_64/winavr/bin/../lib/gcc/avr/4.3.3/avr5\libgcc.a(_usi_to_sf.o)
 .bss           0x0080019a        0x0 d:/imt embedded course aavr/imt tools/sdk/imt_sdk_win_64/winavr/bin/../lib/gcc/avr/4.3.3/avr5\libgcc.a(_prologue.o)
 .bss           0x0080019a        0x0 d:/imt embedded course aavr/imt tools/sdk/imt_sdk_win_64/winavr/bin/../lib/gcc/avr/4.3.3/avr5\libgcc.a(_epilogue.o)
 .bss           0x0080019a        0x0 d:/imt embedded course aavr/imt tools/sdk/imt_sdk_win_64/winavr/bin/../lib/gcc/avr/4.3.3/avr5\libgcc.a(_clzsi2.o)
 .bss           0x0080019a        0x0 d:/imt embedded course aavr/imt tools/sdk/imt_sdk_win_64/winavr/bin/../lib/gcc/avr/4.3.3/avr5\libgcc.a(_pack_sf.o)
 .bss           0x0080019a        0x0 d:/imt embedded course aavr/imt tools/sdk/imt_sdk_win_64/winavr/bin/../lib/gcc/avr/4.3.3/avr5\libgcc.a(_unpack_sf.o)
 .bss           0x0080019a        0x0 d:/imt embedded course aavr/imt tools/sdk/imt_sdk_win_64/winavr/bin/../lib/gcc/avr/4.3.3/avr5\libgcc.a(_fpcmp_parts_sf.o)
 .bss           0x0080019a        0x0 d:/imt embedded course aavr/imt tools/sdk/imt_sdk_win_64/winavr/bin/../lib/gcc/avr/4.3.3/avr5\libgcc.a(_clz.o)
 *(.bss*)
 .bss.Dummy_SendData
                0x0080019a        0x1 ./MCAL/UART/UART_Program.o
                0x0080019a                Dummy_SendData
 .bss.GP_Notification
                0x0080019b        0x2 ./MCAL/Timer1/TIMER1_Program.o
 .bss.GP_Notification
                0x0080019d        0x2 ./MCAL/TIMERS/TIMERS_Program.o
 .bss.PF_Notification
                0x0080019f        0x6 ./MCAL/E_Interrupt/E_Interrupt_Program.o
 *(COMMON)
 COMMON         0x008001a5        0x1 ./MCAL/UART/UART_Program.o
                0x008001a5                Dummy_RecieveData
                0x008001a6                PROVIDE (__bss_end, .)
                0x00006718                __data_load_start = LOADADDR (.data)
                0x00006852                __data_load_end = (__data_load_start + SIZEOF (.data))

.noinit         0x008001a6        0x0
                0x008001a6                PROVIDE (__noinit_start, .)
 *(.noinit*)
                0x008001a6                PROVIDE (__noinit_end, .)
                0x008001a6                _end = .
                0x008001a6                PROVIDE (__heap_start, .)

.eeprom         0x00810000        0x0
 *(.eeprom*)
                0x00810000                __eeprom_end = .

.fuse
 *(.fuse)
 *(.lfuse)
 *(.hfuse)
 *(.efuse)

.lock
 *(.lock*)

.signature
 *(.signature*)

.stab           0x00000000     0x6bb8
 *(.stab)
 .stab          0x00000000      0x228 ./MCAL/WDT/WDT_Program.o
 .stab          0x00000228      0x57c ./MCAL/UART/UART_Program.o
                                0x588 (size before relaxing)
 .stab          0x000007a4      0x720 ./MCAL/Timer1/TIMER1_Program.o
                                0x72c (size before relaxing)
 .stab          0x00000ec4      0x6b4 ./MCAL/TWI/TWI_program.o
                                0x6c0 (size before relaxing)
 .stab          0x00001578      0x51c ./MCAL/TIMERS/TIMERS_Program.o
                                0x528 (size before relaxing)
 .stab          0x00001a94      0x354 ./MCAL/SPI/SPI_Program.o
                                0x360 (size before relaxing)
 .stab          0x00001de8      0x1c8 ./MCAL/GIE/GIE_Program.o
                                0x1d4 (size before relaxing)
 .stab          0x00001fb0      0x600 ./MCAL/E_Interrupt/E_Interrupt_Program.o
                                0x60c (size before relaxing)
 .stab          0x000025b0      0x594 ./MCAL/DIO/DIO_Program.o
                                0x5a0 (size before relaxing)
 .stab          0x00002b44      0x480 ./MCAL/ADC/ADC_Program.o
                                0x48c (size before relaxing)
 .stab          0x00002fc4     0x1ad0 ./HAL/Stepper/Stepper_Program.o
                               0x1adc (size before relaxing)
 .stab          0x00004a94      0x3cc ./HAL/Servo/Servo_Program.o
                                0x3d8 (size before relaxing)
 .stab          0x00004e60      0x2ac ./HAL/SSD/SSD_Program.o
                                0x2b8 (size before relaxing)
 .stab          0x0000510c      0x294 ./HAL/LED/LED_Program.o
                                0x2a0 (size before relaxing)
 .stab          0x000053a0      0x4b0 ./HAL/KPAD/KPAD_Program.o
                                0x648 (size before relaxing)
 .stab          0x00005850      0x384 ./HAL/EEPROM/EEPROM_program.o
                                0x51c (size before relaxing)
 .stab          0x00005bd4      0xd44 ./HAL/CLCD/CLCD_Program.o
                                0xedc (size before relaxing)
 .stab          0x00006918      0x2a0 ./main.o
                                0x69c (size before relaxing)

.stabstr        0x00000000     0x2b0a
 *(.stabstr)
 .stabstr       0x00000000     0x2b0a ./MCAL/WDT/WDT_Program.o

.stab.excl
 *(.stab.excl)

.stab.exclstr
 *(.stab.exclstr)

.stab.index
 *(.stab.index)

.stab.indexstr
 *(.stab.indexstr)

.comment
 *(.comment)

.debug
 *(.debug)

.line
 *(.line)

.debug_srcinfo
 *(.debug_srcinfo)

.debug_sfnames
 *(.debug_sfnames)

.debug_aranges  0x00000000      0x1a0
 *(.debug_aranges)
 .debug_aranges
                0x00000000       0x20 d:/imt embedded course aavr/imt tools/sdk/imt_sdk_win_64/winavr/bin/../lib/gcc/avr/4.3.3/avr5\libgcc.a(_fixunssfsi.o)
 .debug_aranges
                0x00000020       0x20 d:/imt embedded course aavr/imt tools/sdk/imt_sdk_win_64/winavr/bin/../lib/gcc/avr/4.3.3/avr5\libgcc.a(_addsub_sf.o)
 .debug_aranges
                0x00000040       0x20 d:/imt embedded course aavr/imt tools/sdk/imt_sdk_win_64/winavr/bin/../lib/gcc/avr/4.3.3/avr5\libgcc.a(_mul_sf.o)
 .debug_aranges
                0x00000060       0x20 d:/imt embedded course aavr/imt tools/sdk/imt_sdk_win_64/winavr/bin/../lib/gcc/avr/4.3.3/avr5\libgcc.a(_div_sf.o)
 .debug_aranges
                0x00000080       0x20 d:/imt embedded course aavr/imt tools/sdk/imt_sdk_win_64/winavr/bin/../lib/gcc/avr/4.3.3/avr5\libgcc.a(_gt_sf.o)
 .debug_aranges
                0x000000a0       0x20 d:/imt embedded course aavr/imt tools/sdk/imt_sdk_win_64/winavr/bin/../lib/gcc/avr/4.3.3/avr5\libgcc.a(_ge_sf.o)
 .debug_aranges
                0x000000c0       0x20 d:/imt embedded course aavr/imt tools/sdk/imt_sdk_win_64/winavr/bin/../lib/gcc/avr/4.3.3/avr5\libgcc.a(_lt_sf.o)
 .debug_aranges
                0x000000e0       0x20 d:/imt embedded course aavr/imt tools/sdk/imt_sdk_win_64/winavr/bin/../lib/gcc/avr/4.3.3/avr5\libgcc.a(_sf_to_si.o)
 .debug_aranges
                0x00000100       0x20 d:/imt embedded course aavr/imt tools/sdk/imt_sdk_win_64/winavr/bin/../lib/gcc/avr/4.3.3/avr5\libgcc.a(_usi_to_sf.o)
 .debug_aranges
                0x00000120       0x20 d:/imt embedded course aavr/imt tools/sdk/imt_sdk_win_64/winavr/bin/../lib/gcc/avr/4.3.3/avr5\libgcc.a(_clzsi2.o)
 .debug_aranges
                0x00000140       0x20 d:/imt embedded course aavr/imt tools/sdk/imt_sdk_win_64/winavr/bin/../lib/gcc/avr/4.3.3/avr5\libgcc.a(_pack_sf.o)
 .debug_aranges
                0x00000160       0x20 d:/imt embedded course aavr/imt tools/sdk/imt_sdk_win_64/winavr/bin/../lib/gcc/avr/4.3.3/avr5\libgcc.a(_unpack_sf.o)
 .debug_aranges
                0x00000180       0x20 d:/imt embedded course aavr/imt tools/sdk/imt_sdk_win_64/winavr/bin/../lib/gcc/avr/4.3.3/avr5\libgcc.a(_fpcmp_parts_sf.o)

.debug_pubnames
                0x00000000      0x1f2
 *(.debug_pubnames)
 .debug_pubnames
                0x00000000       0x23 d:/imt embedded course aavr/imt tools/sdk/imt_sdk_win_64/winavr/bin/../lib/gcc/avr/4.3.3/avr5\libgcc.a(_fixunssfsi.o)
 .debug_pubnames
                0x00000023       0x2c d:/imt embedded course aavr/imt tools/sdk/imt_sdk_win_64/winavr/bin/../lib/gcc/avr/4.3.3/avr5\libgcc.a(_addsub_sf.o)
 .debug_pubnames
                0x0000004f       0x1f d:/imt embedded course aavr/imt tools/sdk/imt_sdk_win_64/winavr/bin/../lib/gcc/avr/4.3.3/avr5\libgcc.a(_mul_sf.o)
 .debug_pubnames
                0x0000006e       0x1f d:/imt embedded course aavr/imt tools/sdk/imt_sdk_win_64/winavr/bin/../lib/gcc/avr/4.3.3/avr5\libgcc.a(_div_sf.o)
 .debug_pubnames
                0x0000008d       0x1e d:/imt embedded course aavr/imt tools/sdk/imt_sdk_win_64/winavr/bin/../lib/gcc/avr/4.3.3/avr5\libgcc.a(_gt_sf.o)
 .debug_pubnames
                0x000000ab       0x1e d:/imt embedded course aavr/imt tools/sdk/imt_sdk_win_64/winavr/bin/../lib/gcc/avr/4.3.3/avr5\libgcc.a(_ge_sf.o)
 .debug_pubnames
                0x000000c9       0x1e d:/imt embedded course aavr/imt tools/sdk/imt_sdk_win_64/winavr/bin/../lib/gcc/avr/4.3.3/avr5\libgcc.a(_lt_sf.o)
 .debug_pubnames
                0x000000e7       0x20 d:/imt embedded course aavr/imt tools/sdk/imt_sdk_win_64/winavr/bin/../lib/gcc/avr/4.3.3/avr5\libgcc.a(_sf_to_si.o)
 .debug_pubnames
                0x00000107       0x22 d:/imt embedded course aavr/imt tools/sdk/imt_sdk_win_64/winavr/bin/../lib/gcc/avr/4.3.3/avr5\libgcc.a(_thenan_sf.o)
 .debug_pubnames
                0x00000129       0x24 d:/imt embedded course aavr/imt tools/sdk/imt_sdk_win_64/winavr/bin/../lib/gcc/avr/4.3.3/avr5\libgcc.a(_usi_to_sf.o)
 .debug_pubnames
                0x0000014d       0x1f d:/imt embedded course aavr/imt tools/sdk/imt_sdk_win_64/winavr/bin/../lib/gcc/avr/4.3.3/avr5\libgcc.a(_clzsi2.o)
 .debug_pubnames
                0x0000016c       0x1f d:/imt embedded course aavr/imt tools/sdk/imt_sdk_win_64/winavr/bin/../lib/gcc/avr/4.3.3/avr5\libgcc.a(_pack_sf.o)
 .debug_pubnames
                0x0000018b       0x21 d:/imt embedded course aavr/imt tools/sdk/imt_sdk_win_64/winavr/bin/../lib/gcc/avr/4.3.3/avr5\libgcc.a(_unpack_sf.o)
 .debug_pubnames
                0x000001ac       0x26 d:/imt embedded course aavr/imt tools/sdk/imt_sdk_win_64/winavr/bin/../lib/gcc/avr/4.3.3/avr5\libgcc.a(_fpcmp_parts_sf.o)
 .debug_pubnames
                0x000001d2       0x20 d:/imt embedded course aavr/imt tools/sdk/imt_sdk_win_64/winavr/bin/../lib/gcc/avr/4.3.3/avr5\libgcc.a(_clz.o)

.debug_info     0x00000000     0x240b
 *(.debug_info)
 .debug_info    0x00000000       0xb1 d:/imt embedded course aavr/imt tools/sdk/imt_sdk_win_64/winavr/bin/../lib/gcc/avr/4.3.3/avr5\libgcc.a(_fixunssfsi.o)
 .debug_info    0x000000b1      0x47a d:/imt embedded course aavr/imt tools/sdk/imt_sdk_win_64/winavr/bin/../lib/gcc/avr/4.3.3/avr5\libgcc.a(_addsub_sf.o)
 .debug_info    0x0000052b      0x485 d:/imt embedded course aavr/imt tools/sdk/imt_sdk_win_64/winavr/bin/../lib/gcc/avr/4.3.3/avr5\libgcc.a(_mul_sf.o)
 .debug_info    0x000009b0      0x3fc d:/imt embedded course aavr/imt tools/sdk/imt_sdk_win_64/winavr/bin/../lib/gcc/avr/4.3.3/avr5\libgcc.a(_div_sf.o)
 .debug_info    0x00000dac      0x27f d:/imt embedded course aavr/imt tools/sdk/imt_sdk_win_64/winavr/bin/../lib/gcc/avr/4.3.3/avr5\libgcc.a(_gt_sf.o)
 .debug_info    0x0000102b      0x27f d:/imt embedded course aavr/imt tools/sdk/imt_sdk_win_64/winavr/bin/../lib/gcc/avr/4.3.3/avr5\libgcc.a(_ge_sf.o)
 .debug_info    0x000012aa      0x27f d:/imt embedded course aavr/imt tools/sdk/imt_sdk_win_64/winavr/bin/../lib/gcc/avr/4.3.3/avr5\libgcc.a(_lt_sf.o)
 .debug_info    0x00001529      0x2b0 d:/imt embedded course aavr/imt tools/sdk/imt_sdk_win_64/winavr/bin/../lib/gcc/avr/4.3.3/avr5\libgcc.a(_sf_to_si.o)
 .debug_info    0x000017d9      0x12c d:/imt embedded course aavr/imt tools/sdk/imt_sdk_win_64/winavr/bin/../lib/gcc/avr/4.3.3/avr5\libgcc.a(_thenan_sf.o)
 .debug_info    0x00001905      0x206 d:/imt embedded course aavr/imt tools/sdk/imt_sdk_win_64/winavr/bin/../lib/gcc/avr/4.3.3/avr5\libgcc.a(_usi_to_sf.o)
 .debug_info    0x00001b0b      0x117 d:/imt embedded course aavr/imt tools/sdk/imt_sdk_win_64/winavr/bin/../lib/gcc/avr/4.3.3/avr5\libgcc.a(_clzsi2.o)
 .debug_info    0x00001c22      0x2df d:/imt embedded course aavr/imt tools/sdk/imt_sdk_win_64/winavr/bin/../lib/gcc/avr/4.3.3/avr5\libgcc.a(_pack_sf.o)
 .debug_info    0x00001f01      0x251 d:/imt embedded course aavr/imt tools/sdk/imt_sdk_win_64/winavr/bin/../lib/gcc/avr/4.3.3/avr5\libgcc.a(_unpack_sf.o)
 .debug_info    0x00002152      0x210 d:/imt embedded course aavr/imt tools/sdk/imt_sdk_win_64/winavr/bin/../lib/gcc/avr/4.3.3/avr5\libgcc.a(_fpcmp_parts_sf.o)
 .debug_info    0x00002362       0xa9 d:/imt embedded course aavr/imt tools/sdk/imt_sdk_win_64/winavr/bin/../lib/gcc/avr/4.3.3/avr5\libgcc.a(_clz.o)
 *(.gnu.linkonce.wi.*)

.debug_abbrev   0x00000000     0x1386
 *(.debug_abbrev)
 .debug_abbrev  0x00000000       0x5d d:/imt embedded course aavr/imt tools/sdk/imt_sdk_win_64/winavr/bin/../lib/gcc/avr/4.3.3/avr5\libgcc.a(_fixunssfsi.o)
 .debug_abbrev  0x0000005d      0x1ea d:/imt embedded course aavr/imt tools/sdk/imt_sdk_win_64/winavr/bin/../lib/gcc/avr/4.3.3/avr5\libgcc.a(_addsub_sf.o)
 .debug_abbrev  0x00000247      0x21b d:/imt embedded course aavr/imt tools/sdk/imt_sdk_win_64/winavr/bin/../lib/gcc/avr/4.3.3/avr5\libgcc.a(_mul_sf.o)
 .debug_abbrev  0x00000462      0x216 d:/imt embedded course aavr/imt tools/sdk/imt_sdk_win_64/winavr/bin/../lib/gcc/avr/4.3.3/avr5\libgcc.a(_div_sf.o)
 .debug_abbrev  0x00000678      0x15a d:/imt embedded course aavr/imt tools/sdk/imt_sdk_win_64/winavr/bin/../lib/gcc/avr/4.3.3/avr5\libgcc.a(_gt_sf.o)
 .debug_abbrev  0x000007d2      0x15a d:/imt embedded course aavr/imt tools/sdk/imt_sdk_win_64/winavr/bin/../lib/gcc/avr/4.3.3/avr5\libgcc.a(_ge_sf.o)
 .debug_abbrev  0x0000092c      0x15a d:/imt embedded course aavr/imt tools/sdk/imt_sdk_win_64/winavr/bin/../lib/gcc/avr/4.3.3/avr5\libgcc.a(_lt_sf.o)
 .debug_abbrev  0x00000a86      0x17f d:/imt embedded course aavr/imt tools/sdk/imt_sdk_win_64/winavr/bin/../lib/gcc/avr/4.3.3/avr5\libgcc.a(_sf_to_si.o)
 .debug_abbrev  0x00000c05       0xad d:/imt embedded course aavr/imt tools/sdk/imt_sdk_win_64/winavr/bin/../lib/gcc/avr/4.3.3/avr5\libgcc.a(_thenan_sf.o)
 .debug_abbrev  0x00000cb2      0x157 d:/imt embedded course aavr/imt tools/sdk/imt_sdk_win_64/winavr/bin/../lib/gcc/avr/4.3.3/avr5\libgcc.a(_usi_to_sf.o)
 .debug_abbrev  0x00000e09       0xc4 d:/imt embedded course aavr/imt tools/sdk/imt_sdk_win_64/winavr/bin/../lib/gcc/avr/4.3.3/avr5\libgcc.a(_clzsi2.o)
 .debug_abbrev  0x00000ecd      0x1c0 d:/imt embedded course aavr/imt tools/sdk/imt_sdk_win_64/winavr/bin/../lib/gcc/avr/4.3.3/avr5\libgcc.a(_pack_sf.o)
 .debug_abbrev  0x0000108d      0x154 d:/imt embedded course aavr/imt tools/sdk/imt_sdk_win_64/winavr/bin/../lib/gcc/avr/4.3.3/avr5\libgcc.a(_unpack_sf.o)
 .debug_abbrev  0x000011e1      0x13b d:/imt embedded course aavr/imt tools/sdk/imt_sdk_win_64/winavr/bin/../lib/gcc/avr/4.3.3/avr5\libgcc.a(_fpcmp_parts_sf.o)
 .debug_abbrev  0x0000131c       0x6a d:/imt embedded course aavr/imt tools/sdk/imt_sdk_win_64/winavr/bin/../lib/gcc/avr/4.3.3/avr5\libgcc.a(_clz.o)

.debug_line     0x00000000     0x11d6
 *(.debug_line)
 .debug_line    0x00000000       0xa7 d:/imt embedded course aavr/imt tools/sdk/imt_sdk_win_64/winavr/bin/../lib/gcc/avr/4.3.3/avr5\libgcc.a(_fixunssfsi.o)
 .debug_line    0x000000a7      0x2af d:/imt embedded course aavr/imt tools/sdk/imt_sdk_win_64/winavr/bin/../lib/gcc/avr/4.3.3/avr5\libgcc.a(_addsub_sf.o)
 .debug_line    0x00000356      0x239 d:/imt embedded course aavr/imt tools/sdk/imt_sdk_win_64/winavr/bin/../lib/gcc/avr/4.3.3/avr5\libgcc.a(_mul_sf.o)
 .debug_line    0x0000058f      0x1d5 d:/imt embedded course aavr/imt tools/sdk/imt_sdk_win_64/winavr/bin/../lib/gcc/avr/4.3.3/avr5\libgcc.a(_div_sf.o)
 .debug_line    0x00000764       0xd3 d:/imt embedded course aavr/imt tools/sdk/imt_sdk_win_64/winavr/bin/../lib/gcc/avr/4.3.3/avr5\libgcc.a(_gt_sf.o)
 .debug_line    0x00000837       0xd3 d:/imt embedded course aavr/imt tools/sdk/imt_sdk_win_64/winavr/bin/../lib/gcc/avr/4.3.3/avr5\libgcc.a(_ge_sf.o)
 .debug_line    0x0000090a       0xd3 d:/imt embedded course aavr/imt tools/sdk/imt_sdk_win_64/winavr/bin/../lib/gcc/avr/4.3.3/avr5\libgcc.a(_lt_sf.o)
 .debug_line    0x000009dd      0x109 d:/imt embedded course aavr/imt tools/sdk/imt_sdk_win_64/winavr/bin/../lib/gcc/avr/4.3.3/avr5\libgcc.a(_sf_to_si.o)
 .debug_line    0x00000ae6       0x90 d:/imt embedded course aavr/imt tools/sdk/imt_sdk_win_64/winavr/bin/../lib/gcc/avr/4.3.3/avr5\libgcc.a(_thenan_sf.o)
 .debug_line    0x00000b76      0x133 d:/imt embedded course aavr/imt tools/sdk/imt_sdk_win_64/winavr/bin/../lib/gcc/avr/4.3.3/avr5\libgcc.a(_usi_to_sf.o)
 .debug_line    0x00000ca9       0xa5 d:/imt embedded course aavr/imt tools/sdk/imt_sdk_win_64/winavr/bin/../lib/gcc/avr/4.3.3/avr5\libgcc.a(_clzsi2.o)
 .debug_line    0x00000d4e      0x18a d:/imt embedded course aavr/imt tools/sdk/imt_sdk_win_64/winavr/bin/../lib/gcc/avr/4.3.3/avr5\libgcc.a(_pack_sf.o)
 .debug_line    0x00000ed8      0x14b d:/imt embedded course aavr/imt tools/sdk/imt_sdk_win_64/winavr/bin/../lib/gcc/avr/4.3.3/avr5\libgcc.a(_unpack_sf.o)
 .debug_line    0x00001023      0x137 d:/imt embedded course aavr/imt tools/sdk/imt_sdk_win_64/winavr/bin/../lib/gcc/avr/4.3.3/avr5\libgcc.a(_fpcmp_parts_sf.o)
 .debug_line    0x0000115a       0x7c d:/imt embedded course aavr/imt tools/sdk/imt_sdk_win_64/winavr/bin/../lib/gcc/avr/4.3.3/avr5\libgcc.a(_clz.o)

.debug_frame    0x00000000      0x1c0
 *(.debug_frame)
 .debug_frame   0x00000000       0x20 d:/imt embedded course aavr/imt tools/sdk/imt_sdk_win_64/winavr/bin/../lib/gcc/avr/4.3.3/avr5\libgcc.a(_fixunssfsi.o)
 .debug_frame   0x00000020       0x40 d:/imt embedded course aavr/imt tools/sdk/imt_sdk_win_64/winavr/bin/../lib/gcc/avr/4.3.3/avr5\libgcc.a(_addsub_sf.o)
 .debug_frame   0x00000060       0x20 d:/imt embedded course aavr/imt tools/sdk/imt_sdk_win_64/winavr/bin/../lib/gcc/avr/4.3.3/avr5\libgcc.a(_mul_sf.o)
 .debug_frame   0x00000080       0x20 d:/imt embedded course aavr/imt tools/sdk/imt_sdk_win_64/winavr/bin/../lib/gcc/avr/4.3.3/avr5\libgcc.a(_div_sf.o)
 .debug_frame   0x000000a0       0x20 d:/imt embedded course aavr/imt tools/sdk/imt_sdk_win_64/winavr/bin/../lib/gcc/avr/4.3.3/avr5\libgcc.a(_gt_sf.o)
 .debug_frame   0x000000c0       0x20 d:/imt embedded course aavr/imt tools/sdk/imt_sdk_win_64/winavr/bin/../lib/gcc/avr/4.3.3/avr5\libgcc.a(_ge_sf.o)
 .debug_frame   0x000000e0       0x20 d:/imt embedded course aavr/imt tools/sdk/imt_sdk_win_64/winavr/bin/../lib/gcc/avr/4.3.3/avr5\libgcc.a(_lt_sf.o)
 .debug_frame   0x00000100       0x20 d:/imt embedded course aavr/imt tools/sdk/imt_sdk_win_64/winavr/bin/../lib/gcc/avr/4.3.3/avr5\libgcc.a(_sf_to_si.o)
 .debug_frame   0x00000120       0x20 d:/imt embedded course aavr/imt tools/sdk/imt_sdk_win_64/winavr/bin/../lib/gcc/avr/4.3.3/avr5\libgcc.a(_usi_to_sf.o)
 .debug_frame   0x00000140       0x20 d:/imt embedded course aavr/imt tools/sdk/imt_sdk_win_64/winavr/bin/../lib/gcc/avr/4.3.3/avr5\libgcc.a(_clzsi2.o)
 .debug_frame   0x00000160       0x20 d:/imt embedded course aavr/imt tools/sdk/imt_sdk_win_64/winavr/bin/../lib/gcc/avr/4.3.3/avr5\libgcc.a(_pack_sf.o)
 .debug_frame   0x00000180       0x20 d:/imt embedded course aavr/imt tools/sdk/imt_sdk_win_64/winavr/bin/../lib/gcc/avr/4.3.3/avr5\libgcc.a(_unpack_sf.o)
 .debug_frame   0x000001a0       0x20 d:/imt embedded course aavr/imt tools/sdk/imt_sdk_win_64/winavr/bin/../lib/gcc/avr/4.3.3/avr5\libgcc.a(_fpcmp_parts_sf.o)

.debug_str      0x00000000      0x2f6
 *(.debug_str)
 .debug_str     0x00000000       0xbf d:/imt embedded course aavr/imt tools/sdk/imt_sdk_win_64/winavr/bin/../lib/gcc/avr/4.3.3/avr5\libgcc.a(_fixunssfsi.o)
                                 0xfe (size before relaxing)
 .debug_str     0x000000bf      0x14d d:/imt embedded course aavr/imt tools/sdk/imt_sdk_win_64/winavr/bin/../lib/gcc/avr/4.3.3/avr5\libgcc.a(_addsub_sf.o)
                                0x206 (size before relaxing)
 .debug_str     0x0000020c       0x27 d:/imt embedded course aavr/imt tools/sdk/imt_sdk_win_64/winavr/bin/../lib/gcc/avr/4.3.3/avr5\libgcc.a(_mul_sf.o)
                                0x1bf (size before relaxing)
 .debug_str     0x00000233       0x35 d:/imt embedded course aavr/imt tools/sdk/imt_sdk_win_64/winavr/bin/../lib/gcc/avr/4.3.3/avr5\libgcc.a(_div_sf.o)
                                0x1c8 (size before relaxing)
 .debug_str     0x00000268        0x8 d:/imt embedded course aavr/imt tools/sdk/imt_sdk_win_64/winavr/bin/../lib/gcc/avr/4.3.3/avr5\libgcc.a(_gt_sf.o)
                                0x195 (size before relaxing)
 .debug_str     0x00000270        0x8 d:/imt embedded course aavr/imt tools/sdk/imt_sdk_win_64/winavr/bin/../lib/gcc/avr/4.3.3/avr5\libgcc.a(_ge_sf.o)
                                0x195 (size before relaxing)
 .debug_str     0x00000278        0x8 d:/imt embedded course aavr/imt tools/sdk/imt_sdk_win_64/winavr/bin/../lib/gcc/avr/4.3.3/avr5\libgcc.a(_lt_sf.o)
                                0x195 (size before relaxing)
 .debug_str     0x00000280        0xa d:/imt embedded course aavr/imt tools/sdk/imt_sdk_win_64/winavr/bin/../lib/gcc/avr/4.3.3/avr5\libgcc.a(_sf_to_si.o)
                                0x19e (size before relaxing)
 .debug_str     0x00000000      0x103 d:/imt embedded course aavr/imt tools/sdk/imt_sdk_win_64/winavr/bin/../lib/gcc/avr/4.3.3/avr5\libgcc.a(_thenan_sf.o)
 .debug_str     0x0000028a       0x21 d:/imt embedded course aavr/imt tools/sdk/imt_sdk_win_64/winavr/bin/../lib/gcc/avr/4.3.3/avr5\libgcc.a(_usi_to_sf.o)
                                0x177 (size before relaxing)
 .debug_str     0x000002ab       0x20 d:/imt embedded course aavr/imt tools/sdk/imt_sdk_win_64/winavr/bin/../lib/gcc/avr/4.3.3/avr5\libgcc.a(_clzsi2.o)
                                0x111 (size before relaxing)
 .debug_str     0x000002cb       0x10 d:/imt embedded course aavr/imt tools/sdk/imt_sdk_win_64/winavr/bin/../lib/gcc/avr/4.3.3/avr5\libgcc.a(_pack_sf.o)
                                0x19d (size before relaxing)
 .debug_str     0x000002db        0xb d:/imt embedded course aavr/imt tools/sdk/imt_sdk_win_64/winavr/bin/../lib/gcc/avr/4.3.3/avr5\libgcc.a(_unpack_sf.o)
                                0x17f (size before relaxing)
 .debug_str     0x000002e6       0x10 d:/imt embedded course aavr/imt tools/sdk/imt_sdk_win_64/winavr/bin/../lib/gcc/avr/4.3.3/avr5\libgcc.a(_fpcmp_parts_sf.o)
                                0x163 (size before relaxing)
 .debug_str     0x00000000       0xf4 d:/imt embedded course aavr/imt tools/sdk/imt_sdk_win_64/winavr/bin/../lib/gcc/avr/4.3.3/avr5\libgcc.a(_clz.o)

.debug_loc      0x00000000      0x96e
 *(.debug_loc)
 .debug_loc     0x00000000       0x34 d:/imt embedded course aavr/imt tools/sdk/imt_sdk_win_64/winavr/bin/../lib/gcc/avr/4.3.3/avr5\libgcc.a(_fixunssfsi.o)
 .debug_loc     0x00000034      0x32a d:/imt embedded course aavr/imt tools/sdk/imt_sdk_win_64/winavr/bin/../lib/gcc/avr/4.3.3/avr5\libgcc.a(_addsub_sf.o)
 .debug_loc     0x0000035e      0x104 d:/imt embedded course aavr/imt tools/sdk/imt_sdk_win_64/winavr/bin/../lib/gcc/avr/4.3.3/avr5\libgcc.a(_mul_sf.o)
 .debug_loc     0x00000462       0xc0 d:/imt embedded course aavr/imt tools/sdk/imt_sdk_win_64/winavr/bin/../lib/gcc/avr/4.3.3/avr5\libgcc.a(_div_sf.o)
 .debug_loc     0x00000522       0x3c d:/imt embedded course aavr/imt tools/sdk/imt_sdk_win_64/winavr/bin/../lib/gcc/avr/4.3.3/avr5\libgcc.a(_gt_sf.o)
 .debug_loc     0x0000055e       0x3c d:/imt embedded course aavr/imt tools/sdk/imt_sdk_win_64/winavr/bin/../lib/gcc/avr/4.3.3/avr5\libgcc.a(_ge_sf.o)
 .debug_loc     0x0000059a       0x3c d:/imt embedded course aavr/imt tools/sdk/imt_sdk_win_64/winavr/bin/../lib/gcc/avr/4.3.3/avr5\libgcc.a(_lt_sf.o)
 .debug_loc     0x000005d6       0x7e d:/imt embedded course aavr/imt tools/sdk/imt_sdk_win_64/winavr/bin/../lib/gcc/avr/4.3.3/avr5\libgcc.a(_sf_to_si.o)
 .debug_loc     0x00000654       0x4c d:/imt embedded course aavr/imt tools/sdk/imt_sdk_win_64/winavr/bin/../lib/gcc/avr/4.3.3/avr5\libgcc.a(_usi_to_sf.o)
 .debug_loc     0x000006a0       0x94 d:/imt embedded course aavr/imt tools/sdk/imt_sdk_win_64/winavr/bin/../lib/gcc/avr/4.3.3/avr5\libgcc.a(_clzsi2.o)
 .debug_loc     0x00000734      0x13e d:/imt embedded course aavr/imt tools/sdk/imt_sdk_win_64/winavr/bin/../lib/gcc/avr/4.3.3/avr5\libgcc.a(_pack_sf.o)
 .debug_loc     0x00000872       0xac d:/imt embedded course aavr/imt tools/sdk/imt_sdk_win_64/winavr/bin/../lib/gcc/avr/4.3.3/avr5\libgcc.a(_unpack_sf.o)
 .debug_loc     0x0000091e       0x50 d:/imt embedded course aavr/imt tools/sdk/imt_sdk_win_64/winavr/bin/../lib/gcc/avr/4.3.3/avr5\libgcc.a(_fpcmp_parts_sf.o)

.debug_macinfo
 *(.debug_macinfo)
OUTPUT(ITI_Drivers.elf elf32-avr)
LOAD linker stubs

.debug_ranges   0x00000000       0x50
 .debug_ranges  0x00000000       0x50 d:/imt embedded course aavr/imt tools/sdk/imt_sdk_win_64/winavr/bin/../lib/gcc/avr/4.3.3/avr5\libgcc.a(_mul_sf.o)
